---
source: crates/cyrus-core/tests/mcallister_e2e/stage3_intersection.rs
expression: glsm_i64
---
[
  [
    -1,
    1,
    0,
    0,
    0,
    0,
    0,
    0,
    0,
    0
  ],
  [
    -6,
    0,
    2,
    3,
    -1,
    1,
    1,
    0,
    0,
    0
  ],
  [
    -6,
    0,
    2,
    3,
    1,
    -1,
    0,
    1,
    0,
    0
  ],
  [
    -12,
    0,
    4,
    6,
    0,
    1,
    0,
    0,
    1,
    0
  ],
  [
    -6,
    0,
    2,
    3,
    0,
    0,
    0,
    0,
    0,
    1
  ]
]
