---
source: crates/cyrus-core/tests/mcallister_e2e/stage1_polytope.rs
expression: output
---
p[0] = [0, 0, 0, 0]
p[1] = [0, 1, 0, 0]
p[2] = [1, 0, 0, 0]
p[3] = [-15, -14, -6, -6]
p[4] = [-3, -2, -6, 6]
p[5] = [-3, -2, 6, -6]
p[6] = [3, 4, 0, 6]
p[7] = [3, 4, 6, 0]
p[8] = [-14, -13, -6, -5]
p[9] = [-14, -13, -5, -6]
