---
source: crates/cyrus-core/tests/mcallister_e2e/stage4_flat_direction.rs
expression: output
---
{
  "h21": 4,
  "basis_used": [
    5,
    6,
    7,
    8
  ],
  "k_flux": [
    8,
    5,
    -8,
    6
  ],
  "m_flux": [
    -10,
    -1,
    11,
    -5
  ],
  "n_matrix": [
    [
      10.0,
      0.0,
      -5.0,
      21.0
    ],
    [
      0.0,
      0.0,
      -5.0,
      21.0
    ],
    [
      -5.0,
      -5.0,
      0.0,
      -1.0
    ],
    [
      21.0,
      21.0,
      -1.0,
      -40.0
    ]
  ],
  "p": [
    0.3,
    1.1818181818,
    1.4818181818,
    0.5909090909
  ],
  "ek0": 0.2343929955
}
