---
source: crates/cyrus-core/tests/mcallister_e2e/stage5_racetrack.rs
expression: summary
---
{
  "total_unique_exponents": 54,
  "nonzero_terms": 54,
  "first_10_nonzero": [
    {
      "exponent": 0.290909,
      "coeff": 5,
      "count": 1,
      "sign": "+"
    },
    {
      "exponent": 0.3,
      "coeff": -2560,
      "count": 3,
      "sign": "-"
    },
    {
      "exponent": 0.590909,
      "coeff": -2070,
      "count": 3,
      "sign": "-"
    },
    {
      "exponent": 0.6,
      "coeff": 184960,
      "count": 2,
      "sign": "+"
    },
    {
      "exponent": 0.890909,
      "coeff": -72675,
      "count": 4,
      "sign": "-"
    },
    {
      "exponent": 0.9,
      "coeff": -25459200,
      "count": 3,
      "sign": "-"
    },
    {
      "exponent": 1.181818,
      "coeff": 840,
      "count": 3,
      "sign": "+"
    },
    {
      "exponent": 1.190909,
      "coeff": 16811950,
      "count": 6,
      "sign": "+"
    },
    {
      "exponent": 1.2,
      "coeff": 4570598400,
      "count": 4,
      "sign": "+"
    },
    {
      "exponent": 1.481818,
      "coeff": -1112000,
      "count": 4,
      "sign": "-"
    }
  ]
}
