---
source: crates/cyrus-core/tests/mcallister_e2e/stage5_gv.rs
expression: roadmap
---
{
  "status": "In Progress - Cyrus computes GV inputs, McAllister-sized validation is expensive",
  "completed_components": 127,
  "verified_components": [
    "compute_mori_cone_cap_rays is wired into mcallister_gv and mcallister_first_principles",
    "compute_grading_vector is wired into the GV pipeline",
    "grading-vector results are content-address cached after strict dual-cone validation",
    "DDM skips non-adjacent positive/negative ray pairs and no longer LP-prefilters every Mori ray",
    "DDM initializes from an exact full-rank hyperplane basis instead of the full ambient space when possible",
    "DDM tracks active constraints exactly for intersection rays using parent common-active sets plus the new hyperplane",
    "DDM rank checks use modular true certificates, exact integer false checks, and a global active-set rank cache",
    "DDM quotient-rank checks have modular true certificates plus exact small-residual true/false paths covered by unit tests",
    "DDM caches sparse hyperplane rows for partition/intersection dot products and quotient-coordinate projection while retaining dense rows for exact rank algebra",
    "DDM skips redundant hyperplanes that do not cut the current generated cone, avoiding active-set bloat from implied constraints",
    "DDM prunes constraints already redundant against the exact initial full-rank basis cone",
    "DDM uses bounded dynamic lookahead to process cheaper currently cutting hyperplanes before high-pair cuts",
    "DDM quotient-rank checks run before full dense modular checks when a basis context exists, with their own modular true certificate and exact integer false path",
    "DDM preserves ray orientation when normalizing primitive integer rays; sign-flipping was a correctness bug and is now unit-tested",
    "compute_gv_invariants wraps cygv::compute_gv_rat_threefold",
    "McAllister 4-214-647 small toric curve classes are computed from Cyrus Mori-cap rays and verified pair-decomposable pruning",
    "McAllister 4-214-647 small toric curve GV values are computed from toric two-face/origin-circuit formulas and match small_curves_gv.dat as a checkpoint",
    "CYTools-style height projection from heights plus curve-basis effective-cone rows reproduces McAllister 4-214-647 kahler_param.dat exactly as an uncorrected-branch checkpoint",
    "The no-replay runner reaches GV-corrected KKLT volume and V0 using the height-projected branch initializer, computed B-field gamma, and computed toric GV values",
    "mcallister_first_principles now uses the height-projected KKLT initializer by default when no explicit branch search is requested, so the standard no-replay command no longer needs branch flags to reach the McAllister branch",
    "mcallister_first_principles derives the BBHL Hodge inputs from the computed primal and dual bases instead of hard-coding the 4-214-647 values",
    "mcallister_first_principles validates the no-replay corrected volume against corrected_cy_vol.dat when McAllister comparison data is available",
    "mcallister_first_principles logs the McAllister volume split into classical, BBHL, pre-GV, and direct GV volume terms for residual attribution",
    "first-principles binaries do not load small_curves.dat or small_curves_gv.dat",
    "first-principles runner policy distinguishes downstream Kähler replay from post-computation corrected_cy_vol.dat validation comparison",
    "basis-coordinate GV invariants can be mapped back to ambient divisor-intersection curve classes for primal volume corrections",
    "mcallister_first_principles can explicitly attempt general primal GV fallback for missing small-curve toric formula coverage via --primal-gv-max-deg or --primal-gv-min-points",
    "compute_gv_invariants can dump the exact pre-lattice Mori-cap generator matrix as a CDD V-representation for PPL/cdd diagnostics",
    "compute_gv_invariants uses degree-bounded lattice-point enumeration when max_deg is specified instead of always requesting CYTools-style min_points augmentation",
    "mcallister_first_principles rejects insufficient primal --primal-gv-max-deg values before full GV enumeration; for the selected 4-214-647 missing small curves, degree 1 is impossible because the required grading degrees are 10..2386",
    "branch-report JSONL records init_source so validation artifacts distinguish generated branch-search candidates from the computed height_projected secondary-fan initializer",
    "generated KKLT branch candidates now use one scaled-uniform baseline plus non-uniform deterministic random starts instead of wasting the prefix on equivalent scaled-uniform duplicates",
    "Intersection iteration is key-sorted for deterministic floating-point accumulation; repeated no-height 48-candidate branch reports are byte-identical for the same seed",
    "mcallister_first_principles supports --branch-selection min-toric-gv-missing to rank generated positive branches by computed small-curve toric GV coverage before falling back to volume",
    "mcallister_first_principles supports --branch-selection min-required-gv-degree to rank generated positive branches by the max required degree of missing small-curve general GV values",
    "branch-report JSONL can include bounded samples of missing small-curve classes via --branch-report-missing-limit for formula-classification diagnostics",
    "branch-report JSONL records required grading-degree ranges for missing small-curve classes, exposing the cost of general GV fallback per branch",
    "branch-report JSONL can diagnose missing small-curve classes that are exact sums of up to three raw sub-cutoff candidates via --branch-report-decomposition-depth",
    "project_mori_cone_cap_rays_to_basis reuses ambient Mori-cap rays and is first-principles checked against direct in_basis=true Mori-cap generation on McAllister 4-214-647",
    "corrected-chamber ray and LP-witness GV diagnostics now report a combined diagnostic-only coverage and volume correction without promoting those values into the production volume",
    "corrected-chamber combined diagnostics now report zero/nonzero diagnostic GV counts and delta_vs_toric_covered; for the 4-214-647 corrected chamber, zero=10, nonzero=0, and delta_vs_toric_covered=0",
    "corrected-chamber diagnostics now compare KKLT GV target-correction vectors against the input-chamber fixed-point data; for 4-214-647 the final corrected chamber has max_abs_delta=0.04717957747495261 and relative_l2_delta=0.5969594710109491",
    "mcallister_first_principles supports --diagnose-chamber-updated-kklt, an opt-in toric-covered-only diagnostic that recomputes the FRST chamber, intersection numbers, divisor χ, small-curve selection, and GV target correction at each KKLT fixed-point step",
    "mcallister_first_principles reports validation-only corrected_target_volumes.dat deltas, including the implied divisor-χ shift; for 4-214-647 the computed GV-corrected KKLT target vector differs by relative_l2=0.022036578712025 and max_abs=0.09773695104398727, equivalent to an implied χ(D) delta with relative_l2=0.09790035863637207 and max_abs=2.3456868250556946",
    "mcallister_first_principles reports the largest corrected_target_volumes.dat implied-χ deltas by KKLT index and ambient point; the top 4-214-647 deltas are spread across ordinary KKLT divisors rather than the four basis-mismatch divisors, and the no-gamma GV target-correction variant is invalid at the solved point",
    "McAllister checkpoint-t input-chamber GV target correction is invalid for 4-214-647, matching the ancillary warning that some approximate-chamber small curves flop and become negative at corrected_kahler_param.dat",
    "small_curves_vols.dat is now pinned as small_curves.dat contracted with corrected_kahler_param.dat in basis.dat coordinates; for 4-214-647 it matches exactly and contains the known 10 negative input-chamber curve volumes",
    "McAllister checkpoint-t corrected-chamber toric-covered GV target correction is now compared against corrected_target_volumes.dat-implied GV corrections; for 4-214-647 it has ambient_rays=561575, subcutoff=556, pair_pruned=420, toric_covered=410, toric_missing=10, max_abs_delta=0.1154398144342352, and relative_l2_delta=1.2720321759981263",
    "corrected_heights.dat induces the same 1003-simplex chamber as McAllister corrected_kahler_param.dat transformed into the Cyrus computed basis, so the checkpoint-t corrected-chamber GV mismatch is not caused by reconstructing a different corrected chamber from t",
    "a direct CYTools source trace on corrected_heights.dat matches the Cyrus corrected-chamber small-curve selection counts for 4-214-647: mori_shape=(561575,219), subcutoff=556, pair_pruned=420, and the leading tiny-volume offender classes are present",
    "checkpoint-t corrected-chamber diagnostics now recompute divisor chi in the corrected chamber; for 4-214-647 this changes the checkpoint-implied GV vector by max_abs=0.08333333333333337 and relative_l2=0.8329163940091703, but the toric-covered GV mismatch remains max_abs=0.1154398144342352 and relative_l2=1.1084474600994203",
    "checkpoint-t corrected-chamber GV target diagnostics now report the largest per-divisor deltas and per-curve contributions; the leading 4-214-647 offenders are dominated by tiny-volume toric classes such as [(2,1),(50,-1),(54,1),(197,-1)] with q.t≈0.004802446698931817 and no detected decomposition into up to three smaller selected candidates",
    "simple ambient B-field gamma index shifts do not explain the checkpoint-implied GV mismatch: shifting gamma by -1 gives max_abs_delta=0.10111964958304713 but worsens relative_l2_delta to 1.6272075913431028, and shifting by +1 gives relative_l2_delta=1.582044782998777",
    "corrected_target_volumes.dat is now validated as corrected-chamber classical KKLT divisor volumes: using McAllister corrected_kahler_param.dat gives relative_l2=0.00010542596827921091 and max_abs=0.0005560489706986083, while Cyrus' computed corrected t still gives relative_l2=0.02203393739805434 and max_abs=0.0977369510437136",
    "mcallister_first_principles reports validation-only corrected_kahler_param.dat deltas; for 4-214-647 the computed corrected Kähler vector differs by relative_l2=0.0005603330179533605 and max_abs=0.18907322067627774",
    "optional supporting-face certificate diagnostics report certified and uncertified LP-witness face GV counts; the latest 4-214-647 sample certified 0/9 LP-witness faces",
    "mcallister_first_principles runs from declared inputs only with validation checkpoints absent, and can skip McAllister final assertions for generic candidate evaluation",
    "generic no-assertion runs default K/M flux vectors to Cyrus' computed dual basis instead of the McAllister [3,4,5,8] source basis; --dual-basis remains available for validation-source flux files",
    "corrected-chamber general GV diagnostics report degree-bounded ray counts; for the 4-214-647 corrected chamber, max_deg=26 keeps 2963 of 561596 Mori generators"
  ],
  "remaining_gaps": [
    "Generated branch candidates without the height_projected initializer still did not find the 4-214-647 paper branch in a deterministic 48-candidate diagnostic: the lowest sampled phase-1 volume was about 20611 rather than 17901, and even coverage-aware selection still had at least 412 small curves missing toric GV coverage",
    "The current no-replay 4-214-647 corrected-volume residual is about 0.072 after direct toric small-curve GV volume correction; the component split is V_classical=4712.269883, BBHL=0.508832, pre-GV V=4711.761051, GV volume correction=-0.256385, so the remaining discrepancy is in the instanton-correction layer rather than classical geometry",
    "Corrected-chamber ray plus LP-witness diagnostics cover 10/10 toric-missing curves with diagnostic volume correction -0.2597648038721059, zero=10, nonzero=0, and delta_vs_toric_covered=0; the LP-witness values are not certified supporting-face computations and remain non-production diagnostics, but final-chamber missing GV values alone no longer explain the 0.072 volume residual",
    "The final-chamber GV target-correction vector differs strongly from the input-chamber vector (relative_l2_delta=0.5969594710109491), but a six-step toric-covered-only chamber-updated KKLT diagnostic shifts the partial V_string by only +0.0003630209221228142, ending at V_string_partial=4711.505029594299; stale final-chamber toric-covered data alone does not explain the 0.072 residual",
    "The corrected-volume residual is now mostly attributable to the solved Kähler vector: corrected_kahler_param.dat gives input-chamber V_classical=4712.3385075726355 while Cyrus computes 4712.269883496959, a delta of -0.0686240756767802 out of the 0.07216733782297524 V_string residual",
    "The Kähler-vector residual is now traceable further upstream to the corrected-chamber GV target-correction layer: corrected_target_volumes.dat is understood as corrected-chamber classical KKLT divisor volumes and matches McAllister corrected_kahler_param.dat at relative_l2=0.00010542596827921091, but the checkpoint-t corrected-chamber toric-covered GV target correction still differs from the checkpoint-implied correction by relative_l2=1.2720321759981263 and max_abs=0.1154398144342352; the next audit should focus on exact corrected-chamber GV coverage/conventions, not divisor χ, checkpoint-file semantics, or the approximate-chamber small-curve set",
    "The leading checkpoint-t corrected-chamber GV target offenders are not explained by pair-vs-three-term pruning, by a uniform ±1 ambient gamma index shift, by a mismatch between corrected_heights.dat and the checkpoint-t-induced chamber, by corrected-chamber divisor chi, or by a Rust/CYTools Mori-cap selection divergence; next diagnostics should compare per-curve GV values and sign conventions against a direct CYTools/Python correction trace",
    "Saved input-chamber small-curve variants do not explain corrected_target_volumes.dat either: using small_curves.dat at corrected_kahler_param.dat with signed or absolute q.t, with or without the O7 gamma sign, still misses the checkpoint-implied GV correction; the best obvious variant was absolute q.t plus gamma with max_abs_delta~0.11539193539577981 and relative_l2_delta~1.1964221418662775",
    "A direct CYTools/cygv provided-generator diagnostic using the 420 corrected-chamber pair-pruned curves reached grading construction but exceeded a 240-second timeout before returning GV values, so per-curve cygv comparison for the leading offenders remains unresolved",
    "A production chamber-updated KKLT solve still needs certified or general GV values for the 10 corrected-chamber toric-missing classes at every fixed-point chamber before it can replace the input-chamber small-curve/GV set",
    "The current production small-curve pruning only removes pair-decomposable curves; the new decomposition-depth report is bounded to three terms and is not a full faithful implementation of the paper's sums-of-others/Hilbert-basis reduction",
    "The explicit general primal GV fallback still reaches full 214-dimensional Mori-cone dualization for any max_deg high enough to cover the selected missing curves, or for min_points-driven runs; in the latest 4-candidate generated-branch diagnostic the min-required-gv-degree branch still requires degrees 4..2334",
    "A PPL/cdd diagnostic on the dumped 561658-ray, 214-dimensional V-representation also exceeded a 300-second cap without producing an H-representation",
    "Finish a post-orientation-fix validation run of adjacency-filtered DDM on the full 214-dimensional McAllister Mori cone",
    "Further optimize or replace hyperplane dualization; bounded diagnostics still need to prove the full 561658-ray McAllister dualization completes with the corrected ray orientation",
    "Do not promote degree-bounded generator filtering as an exact GV shortcut: a high-degree cone ray can still affect low-degree lattice points through fractional cone combinations, so exact bounded GV needs full inequalities or a proven reduced formulation",
    "The corrected-chamber provided-generator diagnostic with max_deg=26 and 2963 degree-bounded rows exceeded a 600-second timeout without producing a cygv result, so naive mcap_generators truncation is not a useful replacement for an exact reduced formulation",
    "The corrected-chamber LP-face supporting-certificate diagnostic with default 16-anchor search exceeded a 300-second timeout before producing a certificate summary; the smaller 2-anchor sample still certified 0/9 faces",
    "Reduce the 561658-ray Mori cap input before dualization, or add a CYTools/PPL-faithful constraint minimization path",
    "Run and validate lattice-point generation under a Python environment with OR-Tools after DDM returns the dual cone"
  ]
}
