---
source: crates/cyrus-core/tests/mcallister_e2e/stage5_gv.rs
expression: roadmap
---
{
  "status": "In Progress - Cyrus computes GV inputs, McAllister-sized validation is expensive",
  "completed_components": 127,
  "verified_components": [
    "compute_mori_cone_cap_rays is wired into mcallister_gv and mcallister_first_principles",
    "compute_grading_vector is wired into the GV pipeline",
    "grading-vector results are content-address cached after strict dual-cone validation",
    "DDM skips non-adjacent positive/negative ray pairs and no longer LP-prefilters every Mori ray",
    "DDM initializes from an exact full-rank hyperplane basis instead of the full ambient space when possible",
    "DDM tracks active constraints exactly for intersection rays using parent common-active sets plus the new hyperplane",
    "DDM rank checks use modular true certificates, exact integer false checks, and a global active-set rank cache",
    "DDM quotient-rank checks have modular true certificates plus exact small-residual true/false paths covered by unit tests",
    "DDM caches sparse hyperplane rows for partition/intersection dot products and quotient-coordinate projection while retaining dense rows for exact rank algebra",
    "DDM skips redundant hyperplanes that do not cut the current generated cone, avoiding active-set bloat from implied constraints",
    "DDM prunes constraints already redundant against the exact initial full-rank basis cone",
    "DDM uses bounded dynamic lookahead to process cheaper currently cutting hyperplanes before high-pair cuts",
    "DDM quotient-rank checks run before full dense modular checks when a basis context exists, with their own modular true certificate and exact integer false path",
    "DDM preserves ray orientation when normalizing primitive integer rays; sign-flipping was a correctness bug and is now unit-tested",
    "compute_gv_invariants wraps cygv::compute_gv_rat_threefold",
    "McAllister 4-214-647 small toric curve classes are computed from Cyrus Mori-cap rays and verified pair-decomposable pruning",
    "McAllister 4-214-647 small toric curve GV values are computed from toric two-face/origin-circuit formulas and match small_curves_gv.dat as a checkpoint",
    "CYTools-style height projection from heights plus curve-basis effective-cone rows reproduces McAllister 4-214-647 kahler_param.dat exactly as an uncorrected-branch checkpoint",
    "The no-replay runner reaches GV-corrected KKLT volume and V0 using the height-projected branch initializer, computed B-field gamma, and computed toric GV values",
    "mcallister_first_principles now uses the height-projected KKLT initializer by default when no explicit branch search is requested, so the standard no-replay command no longer needs branch flags to reach the McAllister branch",
    "first-principles binaries do not load small_curves.dat or small_curves_gv.dat",
    "basis-coordinate GV invariants can be mapped back to ambient divisor-intersection curve classes for primal volume corrections",
    "mcallister_first_principles can explicitly attempt general primal GV fallback for missing small-curve toric formula coverage via --primal-gv-max-deg or --primal-gv-min-points",
    "compute_gv_invariants can dump the exact pre-lattice Mori-cap generator matrix as a CDD V-representation for PPL/cdd diagnostics",
    "compute_gv_invariants uses degree-bounded lattice-point enumeration when max_deg is specified instead of always requesting CYTools-style min_points augmentation",
    "mcallister_first_principles rejects insufficient primal --primal-gv-max-deg values before full GV enumeration; for the selected 4-214-647 missing small curves, degree 1 is impossible because the required grading degrees are 10..2386",
    "branch-report JSONL records init_source so validation artifacts distinguish generated branch-search candidates from the computed height_projected secondary-fan initializer",
    "generated KKLT branch candidates now use one scaled-uniform baseline plus non-uniform deterministic random starts instead of wasting the prefix on equivalent scaled-uniform duplicates",
    "Intersection iteration is key-sorted for deterministic floating-point accumulation; repeated no-height 48-candidate branch reports are byte-identical for the same seed",
    "mcallister_first_principles supports --branch-selection min-toric-gv-missing to rank generated positive branches by computed small-curve toric GV coverage before falling back to volume",
    "mcallister_first_principles supports --branch-selection min-required-gv-degree to rank generated positive branches by the max required degree of missing small-curve general GV values",
    "branch-report JSONL can include bounded samples of missing small-curve classes via --branch-report-missing-limit for formula-classification diagnostics",
    "branch-report JSONL records required grading-degree ranges for missing small-curve classes, exposing the cost of general GV fallback per branch",
    "branch-report JSONL can diagnose missing small-curve classes that are exact sums of up to three raw sub-cutoff candidates via --branch-report-decomposition-depth",
    "project_mori_cone_cap_rays_to_basis reuses ambient Mori-cap rays and is first-principles checked against direct in_basis=true Mori-cap generation on McAllister 4-214-647"
  ],
  "remaining_gaps": [
    "Generated branch candidates without the height_projected initializer still did not find the 4-214-647 paper branch in a deterministic 48-candidate diagnostic: the lowest sampled phase-1 volume was about 20611 rather than 17901, and even coverage-aware selection still had at least 412 small curves missing toric GV coverage",
    "The current production small-curve pruning only removes pair-decomposable curves; the new decomposition-depth report is bounded to three terms and is not a full faithful implementation of the paper's sums-of-others/Hilbert-basis reduction",
    "The explicit general primal GV fallback still reaches full 214-dimensional Mori-cone dualization for any max_deg high enough to cover the selected missing curves, or for min_points-driven runs; in the latest 4-candidate generated-branch diagnostic the min-required-gv-degree branch still requires degrees 4..2334",
    "A PPL/cdd diagnostic on the dumped 561658-ray, 214-dimensional V-representation also exceeded a 300-second cap without producing an H-representation",
    "Finish a post-orientation-fix validation run of adjacency-filtered DDM on the full 214-dimensional McAllister Mori cone",
    "Further optimize or replace hyperplane dualization; bounded diagnostics still need to prove the full 561658-ray McAllister dualization completes with the corrected ray orientation",
    "Reduce the 561658-ray Mori cap input before dualization, or add a CYTools/PPL-faithful constraint minimization path",
    "Run and validate lattice-point generation under a Python environment with OR-Tools after DDM returns the dual cone"
  ]
}
